// Jest Snapshot v1, https://jestjs.io/docs/snapshot-testing

exports[`Migrations should apply all migrations to provided DB 1`] = `
{
  "created_at": Any<String>,
  "hash": "61c34ffda0ed6606ba5c3d2350d193f2318816fd5243324d7ce9bb46a61cab30",
  "id": 1,
}
`;

exports[`Migrations should apply all migrations to provided DB 2`] = `
{
  "created_at": Any<String>,
  "hash": "ac6ab92382cc7dc8d8c758fff7d5f3d4c6dbcc5e4fbcc06f8b0cf7a2b041b819",
  "id": 2,
}
`;
